0000:0000		;
0000:0000		;[46m  SDASM   Ver. 2.03  ***Ç±ÇæÇ‹***  [m    2022.04.09
0000:0000		;					  18:34:37
0000:0000		; file name :	TEXT.COM
0000:0000		; ƒØÃﬂ±ƒﬁ⁄Ω :	0376Fh:00100h 
0000:0000		;
0000:0000			.286p
0000:0000		;
			; æ∏ﬁ“›ƒ : 376F
			;	0100-051A 
			;	
			; Ãß≤Ÿ ﬁ≤ƒêî : 00000B	(11)   ﬁ≤ƒ
			; âêÕ ﬁ≤ƒêî : 00041B	(1051)   ﬁ≤ƒ
0000:0000		;
0000:0000		i_4C00	equ	04C00h
0000:0000		i_A023	equ	0A023h
0000:0000		;

0000:0000		data	segment 'DATA'
0000:0000		;
0000:0000		;
0000:0000		data	ends
0000:0000		;

376F:0000		s_376F	segment 'CODE'
376F:0000		;
376F:0000		; ƒØÃﬂ±ƒﬁ⁄Ω :	00100h 
376F:0000		;
376F:0100			org	00100h
376F:0100		;
376F:0100		start:
376F:0100 BA23A0		mov	dx,i_A023 
376F:0103 B040  		mov	al,040h                       ;'@' 
376F:0105 EE    		out	dx,al 
376F:0106 B8004C		mov	ax,i_4C00 
376F:0109 CD21  		int	021h 
376F:010B		;
376F:010B FFFF  		???	di 
376F:010D FFFF  		???	di 
376F:010F FFFF  		???	di 
376F:0111 FFFF  		???	di 
376F:0113 FFFF  		???	di 
376F:0115 FFFF  		???	di 
376F:0117 FFFF  		???	di 
376F:0119 FFFF  		???	di 
376F:011B FFFF  		???	di 
376F:011D FFFF  		???	di 
376F:011F FFFF  		???	di 
376F:0121 FFFF  		???	di 
376F:0123 FFFF  		???	di 
376F:0125 FFFF  		???	di 
376F:0127 FFFF  		???	di 
376F:0129 FFFF  		???	di 
376F:012B FFFF  		???	di 
376F:012D FFFF  		???	di 
376F:012F FFFF  		???	di 
376F:0131 FFFF  		???	di 
376F:0133 FFFF  		???	di 
376F:0135 FFFF  		???	di 
376F:0137 FFFF  		???	di 
376F:0139 FFFF  		???	di 
376F:013B FFFF  		???	di 
376F:013D FFFF  		???	di 
376F:013F FFFF  		???	di 
376F:0141 FFFF  		???	di 
376F:0143 FFFF  		???	di 
376F:0145 FFFF  		???	di 
376F:0147 FFFF  		???	di 
376F:0149 FFFF  		???	di 
376F:014B FFFF  		???	di 
376F:014D FFFF  		???	di 
376F:014F FFFF  		???	di 
376F:0151 FFFF  		???	di 
376F:0153 FFFF  		???	di 
376F:0155 FFFF  		???	di 
376F:0157 FFFF  		???	di 
376F:0159 FFFF  		???	di 
376F:015B FFFF  		???	di 
376F:015D FFFF  		???	di 
376F:015F FFFF  		???	di 
376F:0161 FFFF  		???	di 
376F:0163 FFFF  		???	di 
376F:0165 FFFF  		???	di 
376F:0167 FFFF  		???	di 
376F:0169 FFFF  		???	di 
376F:016B FFFF  		???	di 
376F:016D FFFF  		???	di 
376F:016F FFFF  		???	di 
376F:0171 FFFF  		???	di 
376F:0173 FFFF  		???	di 
376F:0175 FFFF  		???	di 
376F:0177 FFFF  		???	di 
376F:0179 FFFF  		???	di 
376F:017B FFFF  		???	di 
376F:017D FFFF  		???	di 
376F:017F FFFF  		???	di 
376F:0181 FFFF  		???	di 
376F:0183 FFFF  		???	di 
376F:0185 FFFF  		???	di 
376F:0187 FFFF  		???	di 
376F:0189 FFFF  		???	di 
376F:018B FFFF  		???	di 
376F:018D FFFF  		???	di 
376F:018F FFFF  		???	di 
376F:0191 FFFF  		???	di 
376F:0193 FFFF  		???	di 
376F:0195 FFFF  		???	di 
376F:0197 FFFF  		???	di 
376F:0199 FFFF  		???	di 
376F:019B FFFF  		???	di 
376F:019D FFFF  		???	di 
376F:019F FFFF  		???	di 
376F:01A1 FFFF  		???	di 
376F:01A3 FFFF  		???	di 
376F:01A5 FFFF  		???	di 
376F:01A7 FFFF  		???	di 
376F:01A9 FFFF  		???	di 
376F:01AB FFFF  		???	di 
376F:01AD FFFF  		???	di 
376F:01AF FFFF  		???	di 
376F:01B1 FFFF  		???	di 
376F:01B3 FFFF  		???	di 
376F:01B5 FFFF  		???	di 
376F:01B7 FFFF  		???	di 
376F:01B9 FFFF  		???	di 
376F:01BB FFFF  		???	di 
376F:01BD FFFF  		???	di 
376F:01BF FFFF  		???	di 
376F:01C1 FFFF  		???	di 
376F:01C3 FFFF  		???	di 
376F:01C5 FFFF  		???	di 
376F:01C7 FFFF  		???	di 
376F:01C9 FFFF  		???	di 
376F:01CB FFFF  		???	di 
376F:01CD FFFF  		???	di 
376F:01CF FFFF  		???	di 
376F:01D1 FFFF  		???	di 
376F:01D3 FFFF  		???	di 
376F:01D5 FFFF  		???	di 
376F:01D7 FFFF  		???	di 
376F:01D9 FFFF  		???	di 
376F:01DB FFFF  		???	di 
376F:01DD FFFF  		???	di 
376F:01DF FFFF  		???	di 
376F:01E1 FFFF  		???	di 
376F:01E3 FFFF  		???	di 
376F:01E5 FFFF  		???	di 
376F:01E7 FFFF  		???	di 
376F:01E9 FFFF  		???	di 
376F:01EB FFFF  		???	di 
376F:01ED FFFF  		???	di 
376F:01EF FFFF  		???	di 
376F:01F1 FFFF  		???	di 
376F:01F3 FFFF  		???	di 
376F:01F5 FFFF  		???	di 
376F:01F7 FFFF  		???	di 
376F:01F9 FFFF  		???	di 
376F:01FB FFFF  		???	di 
376F:01FD FFFF  		???	di 
376F:01FF FFFF  		???	di 
376F:0201 FFFF  		???	di 
376F:0203 FFFF  		???	di 
376F:0205 FFFF  		???	di 
376F:0207 FFFF  		???	di 
376F:0209 FFFF  		???	di 
376F:020B FFFF  		???	di 
376F:020D FFFF  		???	di 
376F:020F FFFF  		???	di 
376F:0211 FFFF  		???	di 
376F:0213 FFFF  		???	di 
376F:0215 FFFF  		???	di 
376F:0217 FFFF  		???	di 
376F:0219 FFFF  		???	di 
376F:021B FFFF  		???	di 
376F:021D FFFF  		???	di 
376F:021F FFFF  		???	di 
376F:0221 FFFF  		???	di 
376F:0223 FFFF  		???	di 
376F:0225 FFFF  		???	di 
376F:0227 FFFF  		???	di 
376F:0229 FFFF  		???	di 
376F:022B FFFF  		???	di 
376F:022D FFFF  		???	di 
376F:022F FFFF  		???	di 
376F:0231 FFFF  		???	di 
376F:0233 FFFF  		???	di 
376F:0235 FFFF  		???	di 
376F:0237 FFFF  		???	di 
376F:0239 FFFF  		???	di 
376F:023B FFFF  		???	di 
376F:023D FFFF  		???	di 
376F:023F FFFC  		???	sp 
376F:0241 00FF  		add	bh,bh 
376F:0243 FFFF  		???	di 
376F:0245 FFFF  		???	di 
376F:0247 FFFF  		???	di 
376F:0249 FFFF  		???	di 
376F:024B FFFF  		???	di 
376F:024D FFFF  		???	di 
376F:024F FFFF  		???	di 
376F:0251 FFFF  		???	di 
376F:0253 FFFF  		???	di 
376F:0255 FFFF  		???	di 
376F:0257 FFFF  		???	di 
376F:0259 FFFF  		???	di 
376F:025B FFFF  		???	di 
376F:025D FFFF  		???	di 
376F:025F FFFF  		???	di 
376F:0261 FFFF  		???	di 
376F:0263 FFFF  		???	di 
376F:0265 FFFF  		???	di 
376F:0267 FFFF  		???	di 
376F:0269 FFFF  		???	di 
376F:026B FFFF  		???	di 
376F:026D FFFF  		???	di 
376F:026F FFFF  		???	di 
376F:0271 FFFF  		???	di 
376F:0273 FFFF  		???	di 
376F:0275 FFFF  		???	di 
376F:0277 FFFF  		???	di 
376F:0279 FFFF  		???	di 
376F:027B FFFF  		???	di 
376F:027D FFFF  		???	di 
376F:027F FFFF  		???	di 
376F:0281 FFFF  		???	di 
376F:0283 FFFF  		???	di 
376F:0285 FFFF  		???	di 
376F:0287 FFFF  		???	di 
376F:0289 FFFF  		???	di 
376F:028B FFFF  		???	di 
376F:028D FFFF  		???	di 
376F:028F FFFF  		???	di 
376F:0291 FFFF  		???	di 
376F:0293 FFFF  		???	di 
376F:0295 FFFF  		???	di 
376F:0297 FFFF  		???	di 
376F:0299 FFFF  		???	di 
376F:029B FFFF  		???	di 
376F:029D FFFF  		???	di 
376F:029F FFFF  		???	di 
376F:02A1 FFFF  		???	di 
376F:02A3 FFFF  		???	di 
376F:02A5 FFFF  		???	di 
376F:02A7 FFFF  		???	di 
376F:02A9 FFFF  		???	di 
376F:02AB FFFF  		???	di 
376F:02AD FFFF  		???	di 
376F:02AF FFFF  		???	di 
376F:02B1 FFFF  		???	di 
376F:02B3 FFFF  		???	di 
376F:02B5 FFFF  		???	di 
376F:02B7 FFFF  		???	di 
376F:02B9 FFFF  		???	di 
376F:02BB FFFF  		???	di 
376F:02BD FFFF  		???	di 
376F:02BF FFFF  		???	di 
376F:02C1 FFFF  		???	di 
376F:02C3 FFFF  		???	di 
376F:02C5 FFFF  		???	di 
376F:02C7 FFFF  		???	di 
376F:02C9 FFFF  		???	di 
376F:02CB FFFF  		???	di 
376F:02CD FFFF  		???	di 
376F:02CF FFFF  		???	di 
376F:02D1 FFFF  		???	di 
376F:02D3 FFFF  		???	di 
376F:02D5 FFFF  		???	di 
376F:02D7 FFFF  		???	di 
376F:02D9 FFFF  		???	di 
376F:02DB FFFF  		???	di 
376F:02DD FFFF  		???	di 
376F:02DF FFFF  		???	di 
376F:02E1 FFFF  		???	di 
376F:02E3 FFFF  		???	di 
376F:02E5 FFFF  		???	di 
376F:02E7 FFFF  		???	di 
376F:02E9 FFFF  		???	di 
376F:02EB FFFF  		???	di 
376F:02ED FFFF  		???	di 
376F:02EF FFFF  		???	di 
376F:02F1 FFFF  		???	di 
376F:02F3 FFFF  		???	di 
376F:02F5 FFFF  		???	di 
376F:02F7 FFFF  		???	di 
376F:02F9 FFFF  		???	di 
376F:02FB FFFF  		???	di 
376F:02FD FFFF  		???	di 
376F:02FF FFFF  		???	di 
376F:0301 FFFF  		???	di 
376F:0303 FFFF  		???	di 
376F:0305 FFFF  		???	di 
376F:0307 FFFF  		???	di 
376F:0309 FFFF  		???	di 
376F:030B FFFF  		???	di 
376F:030D FFFF  		???	di 
376F:030F FFFF  		???	di 
376F:0311 FFFF  		???	di 
376F:0313 FFFF  		???	di 
376F:0315 FFFF  		???	di 
376F:0317 FFFF  		???	di 
376F:0319 FFFF  		???	di 
376F:031B FFFF  		???	di 
376F:031D FFFF  		???	di 
376F:031F FFFF  		???	di 
376F:0321 FFFF  		???	di 
376F:0323 FFFF  		???	di 
376F:0325 FFFF  		???	di 
376F:0327 FFFF  		???	di 
376F:0329 FFFF  		???	di 
376F:032B FFFF  		???	di 
376F:032D FFFF  		???	di 
376F:032F FFFF  		???	di 
376F:0331 FFFF  		???	di 
376F:0333 FFFF  		???	di 
376F:0335 FFFF  		???	di 
376F:0337 FFFF  		???	di 
376F:0339 FFFF  		???	di 
376F:033B FFFF  		???	di 
376F:033D FFFF  		???	di 
376F:033F FFFF  		???	di 
376F:0341 FFFF  		???	di 
376F:0343 FFFF  		???	di 
376F:0345 FFFF  		???	di 
376F:0347 FFFF  		???	di 
376F:0349 FFFF  		???	di 
376F:034B FFFF  		???	di 
376F:034D FFFF  		???	di 
376F:034F FFFF  		???	di 
376F:0351 FFFF  		???	di 
376F:0353 FFFF  		???	di 
376F:0355 FFFF  		???	di 
376F:0357 FFFF  		???	di 
376F:0359 FFFF  		???	di 
376F:035B FFFF  		???	di 
376F:035D FFFF  		???	di 
376F:035F FFFF  		???	di 
376F:0361 FFFF  		???	di 
376F:0363 FFFF  		???	di 
376F:0365 FFFF  		???	di 
376F:0367 FFFF  		???	di 
376F:0369 FFFF  		???	di 
376F:036B FFFF  		???	di 
376F:036D FFFF  		???	di 
376F:036F FFFF  		???	di 
376F:0371 FFFF  		???	di 
376F:0373 FFFF  		???	di 
376F:0375 FFFF  		???	di 
376F:0377 FFFF  		???	di 
376F:0379 FFFF  		???	di 
376F:037B FFFF  		???	di 
376F:037D FFFF  		???	di 
376F:037F FFFF  		???	di 
376F:0381 FFFF  		???	di 
376F:0383 FFFF  		???	di 
376F:0385 FFFF  		???	di 
376F:0387 FFFF  		???	di 
376F:0389 FFFF  		???	di 
376F:038B FFFF  		???	di 
376F:038D FFFF  		???	di 
376F:038F FFFF  		???	di 
376F:0391 FFFF  		???	di 
376F:0393 FFFF  		???	di 
376F:0395 FFFF  		???	di 
